fjsdfsfjksfsfdhwkewjkrhweqlwrhjqklkrqldissdjadajldakdssssqqq
